// Jest Snapshot v1, https://goo.gl/fbAQLP

exports[`App should render App correctly 1`] = `
<React.Fragment>
  <withRouter(Connect(Header)) />
  <div
    className="container"
  >
    <br />
    <Switch>
      <Route
        component={[Function]}
        exact={true}
        path="/"
      />
      <Route
        component={[Function]}
        path="/add"
      />
      <Route
        component={[Function]}
        path="/login"
      />
      <Route
        component={[Function]}
        path="/signup"
      />
      <Redirect
        push={false}
        to="/"
      />
    </Switch>
    <br />
  </div>
  <Component />
</React.Fragment>
`;
